// Jest Snapshot v1, https://goo.gl/fbAQLP

exports[`RenderVisibility test 1`] = `
<DocumentFragment>
  <h1>
    visible
  </h1>
  <ul>
    <li>
      visible, 2019-6-5 17:28:35
    </li>
  </ul>
</DocumentFragment>
`;
